// Jest Snapshot v1, https://goo.gl/fbAQLP

exports[`update construct id doesn't foobar anything else 1`] = `
Object {
  "asdfasdf": Object {
    "forType": "somethingelse",
    "id": "asdfasdf",
    "x": 1,
    "y": 1,
  },
  "whatever": Object {
    "forType": "whatever",
    "id": "something",
    "x": 0,
    "y": 0,
  },
}
`;
